// Jest Snapshot v1, https://goo.gl/fbAQLP

exports[`React Media Viewer should match its snapshot 1`] = `
<div>
  <h1>
    Hello World!!!
  </h1>
</div>
`;
